------------------------------------------------------------
TimeQuest Timing Analyzer Summary
------------------------------------------------------------

Type  : Slow 1100mV 85C Model Setup 'sclk'
Slack : -2.039
TNS   : -258.891

Type  : Slow 1100mV 85C Model Hold 'sclk'
Slack : 0.287
TNS   : 0.000

Type  : Slow 1100mV 85C Model Minimum Pulse Width 'sclk'
Slack : -0.394
TNS   : -113.268

Type  : Slow 1100mV 0C Model Setup 'sclk'
Slack : -1.977
TNS   : -254.155

Type  : Slow 1100mV 0C Model Hold 'sclk'
Slack : 0.265
TNS   : 0.000

Type  : Slow 1100mV 0C Model Minimum Pulse Width 'sclk'
Slack : -0.394
TNS   : -122.511

Type  : Fast 1100mV 85C Model Setup 'sclk'
Slack : -0.898
TNS   : -67.969

Type  : Fast 1100mV 85C Model Hold 'sclk'
Slack : 0.152
TNS   : 0.000

Type  : Fast 1100mV 85C Model Minimum Pulse Width 'sclk'
Slack : -0.094
TNS   : -19.281

Type  : Fast 1100mV 0C Model Setup 'sclk'
Slack : -0.758
TNS   : -50.336

Type  : Fast 1100mV 0C Model Hold 'sclk'
Slack : 0.130
TNS   : 0.000

Type  : Fast 1100mV 0C Model Minimum Pulse Width 'sclk'
Slack : -0.093
TNS   : -19.066

------------------------------------------------------------
